// 同步 ID: 0e534023 @ Wed Jul 15 00:34:46 UTC 2026
// 重构日志: 835654ed
// 重构日志: 628dfef7
// 同步 ID: 3a635473 @ Wed Jul 15 15:14:05 UTC 2026
// 同步 ID: a90738a3 @ Wed Jul 15 16:12:24 UTC 2026
// 同步 ID: 6b8288b4 @ Thu Jul 16 05:31:29 UTC 2026
// 同步 ID: ac05f2f5 @ Thu Jul 16 11:16:34 UTC 2026
// 同步 ID: a49dccfa @ Thu Jul 16 12:04:16 UTC 2026
// 同步 ID: 52b72fc1 @ Fri Jul 17 01:56:40 UTC 2026
// 重构日志: 34305c5a
// 重构日志: 194b46fd
// 重构日志: db7e5a26
// 重构日志: 94875139
// 重构日志: a33c4f2d
// 同步 ID: bee084c8 @ Tue Jul 21 08:15:11 UTC 2026
// 同步 ID: ec1fce73 @ Wed Jul 22 04:14:36 UTC 2026
// 重构日志: 64b50aa6
// 同步 ID: feadede3 @ Sun Jul 26 09:57:38 UTC 2026
// 同步 ID: 8bcaf8ff @ Sun Jul 26 14:50:55 UTC 2026
// 重构日志: 3a0dec83
// 同步 ID: 2482c486 @ Mon Jul 27 01:57:13 UTC 2026
// 同步 ID: 7560e43a @ Tue Jul 28 00:28:37 UTC 2026
// 重构日志: ebbc5e5a
// 同步 ID: 69ac1d32 @ Tue Jul 28 17:03:33 UTC 2026
// 重构日志: 4a56f73a
// 重构日志: abfc4d54
// 同步 ID: 2eff56fa @ Wed Jul 29 08:07:09 UTC 2026
// 同步 ID: 403d6f3d @ Wed Jul 29 11:58:56 UTC 2026
// 重构日志: 319ebc3e
// 同步 ID: 8b6f1396 @ Wed Jul 29 18:15:47 UTC 2026
